// Jest Snapshot v1, https://goo.gl/fbAQLP

exports[`Home screen Tests match snapshot 1`] = `
<RCTSafeAreaView
  style={
    {
      "backgroundColor": "#fefae0",
      "flex": 1,
    }
  }
>
  <View
    style={
      {
        "flex": 1,
        "paddingBottom": 60,
        "paddingHorizontal": 4,
        "paddingTop": 10,
      }
    }
  >
    <RCTScrollView
      data={
        [
          {
            "category": "men's clothing",
            "description": "Your perfect pack for everyday use and walks in the forest. Stash your laptop (up to 15 inches) in the padded sleeve, your everyday",
            "id": 1,
            "image": "https://fakestoreapi.com/img/81fPKd-2AYL._AC_SL1500_.jpg",
            "price": 109.95,
            "rating": {
              "count": 120,
              "rate": 3.9,
            },
            "title": "1Fjallraven - Foldsack No. 1 Backpack, Fits 15 Laptops",
          },
          {
            "category": "men's clothing",
            "description": "Slim-fitting style, contrast raglan long sleeve, three-button henley placket, light weight & soft fabric for breathable and comfortable wearing. And Solid stitched shirts with round neck made for durability and a great fit for casual fashion wear and diehard baseball fans. The Henley style round neckline includes a three-button placket.",
            "id": 2,
            "image": "https://fakestoreapi.com/img/71-3HjGNDUL._AC_SY879._SX._UX._SY._UY_.jpg",
            "price": 22.3,
            "rating": {
              "count": 120,
              "rate": 3.9,
            },
            "title": "Mens Casual Premium Slim Fit T-Shirts",
          },
        ]
      }
      getItem={[Function]}
      getItemCount={[Function]}
      keyExtractor={[Function]}
      onContentSizeChange={[Function]}
      onLayout={[Function]}
      onMomentumScrollBegin={[Function]}
      onMomentumScrollEnd={[Function]}
      onScroll={[Function]}
      onScrollBeginDrag={[Function]}
      onScrollEndDrag={[Function]}
      removeClippedSubviews={false}
      renderItem={[Function]}
      scrollEventThrottle={50}
      stickyHeaderIndices={[]}
      viewabilityConfigCallbackPairs={[]}
    >
      <View>
        <View
          onFocusCapture={[Function]}
          onLayout={[Function]}
          style={null}
        >
          <View
            style={
              {
                "flexDirection": "row",
              }
            }
          >
            <View
              accessibilityState={
                {
                  "busy": undefined,
                  "checked": undefined,
                  "disabled": undefined,
                  "expanded": undefined,
                  "selected": undefined,
                }
              }
              accessibilityValue={
                {
                  "max": undefined,
                  "min": undefined,
                  "now": undefined,
                  "text": undefined,
                }
              }
              accessible={true}
              collapsable={false}
              focusable={true}
              onClick={[Function]}
              onResponderGrant={[Function]}
              onResponderMove={[Function]}
              onResponderRelease={[Function]}
              onResponderTerminate={[Function]}
              onResponderTerminationRequest={[Function]}
              onStartShouldSetResponder={[Function]}
              style={
                {
                  "backgroundColor": "white",
                  "borderRadius": 12,
                  "height": 200,
                  "margin": 6,
                  "opacity": 1,
                  "padding": 14,
                  "width": 357,
                }
              }
            >
              <Image
                resizeMode="contain"
                source={
                  {
                    "uri": "https://fakestoreapi.com/img/81fPKd-2AYL._AC_SL1500_.jpg",
                  }
                }
                style={
                  {
                    "alignSelf": "center",
                    "height": 86,
                    "width": 86,
                  }
                }
              />
              <Text
                style={
                  {
                    "fontWeight": "bold",
                    "marginTop": 20,
                  }
                }
                testID="product-card"
              >
                1Fjallraven - Foldsack No. 1 Backpack, Fits 15 Lap...
              </Text>
              <View
                accessibilityState={
                  {
                    "busy": undefined,
                    "checked": undefined,
                    "disabled": undefined,
                    "expanded": undefined,
                    "selected": undefined,
                  }
                }
                accessibilityValue={
                  {
                    "max": undefined,
                    "min": undefined,
                    "now": undefined,
                    "text": undefined,
                  }
                }
                accessible={true}
                collapsable={false}
                focusable={true}
                onClick={[Function]}
                onResponderGrant={[Function]}
                onResponderMove={[Function]}
                onResponderRelease={[Function]}
                onResponderTerminate={[Function]}
                onResponderTerminationRequest={[Function]}
                onStartShouldSetResponder={[Function]}
                style={
                  {
                    "opacity": 1,
                    "position": "absolute",
                    "right": 10,
                    "top": 10,
                  }
                }
              >
                <Text
                  allowFontScaling={false}
                  selectable={false}
                  style={
                    [
                      {
                        "color": "#606c38",
                        "fontSize": 24,
                      },
                      undefined,
                      {
                        "fontFamily": "Material Icons",
                        "fontStyle": "normal",
                        "fontWeight": "normal",
                      },
                      {},
                    ]
                  }
                >
                  î¡½
                </Text>
              </View>
            </View>
            <View
              accessibilityState={
                {
                  "busy": undefined,
                  "checked": undefined,
                  "disabled": undefined,
                  "expanded": undefined,
                  "selected": undefined,
                }
              }
              accessibilityValue={
                {
                  "max": undefined,
                  "min": undefined,
                  "now": undefined,
                  "text": undefined,
                }
              }
              accessible={true}
              collapsable={false}
              focusable={true}
              onClick={[Function]}
              onResponderGrant={[Function]}
              onResponderMove={[Function]}
              onResponderRelease={[Function]}
              onResponderTerminate={[Function]}
              onResponderTerminationRequest={[Function]}
              onStartShouldSetResponder={[Function]}
              style={
                {
                  "backgroundColor": "white",
                  "borderRadius": 12,
                  "height": 200,
                  "margin": 6,
                  "opacity": 1,
                  "padding": 14,
                  "width": 357,
                }
              }
            >
              <Image
                resizeMode="contain"
                source={
                  {
                    "uri": "https://fakestoreapi.com/img/71-3HjGNDUL._AC_SY879._SX._UX._SY._UY_.jpg",
                  }
                }
                style={
                  {
                    "alignSelf": "center",
                    "height": 86,
                    "width": 86,
                  }
                }
              />
              <Text
                style={
                  {
                    "fontWeight": "bold",
                    "marginTop": 20,
                  }
                }
                testID="product-card"
              >
                Mens Casual Premium Slim Fit T-Shirts
              </Text>
              <View
                accessibilityState={
                  {
                    "busy": undefined,
                    "checked": undefined,
                    "disabled": undefined,
                    "expanded": undefined,
                    "selected": undefined,
                  }
                }
                accessibilityValue={
                  {
                    "max": undefined,
                    "min": undefined,
                    "now": undefined,
                    "text": undefined,
                  }
                }
                accessible={true}
                collapsable={false}
                focusable={true}
                onClick={[Function]}
                onResponderGrant={[Function]}
                onResponderMove={[Function]}
                onResponderRelease={[Function]}
                onResponderTerminate={[Function]}
                onResponderTerminationRequest={[Function]}
                onStartShouldSetResponder={[Function]}
                style={
                  {
                    "opacity": 1,
                    "position": "absolute",
                    "right": 10,
                    "top": 10,
                  }
                }
              >
                <Text
                  allowFontScaling={false}
                  selectable={false}
                  style={
                    [
                      {
                        "color": "#606c38",
                        "fontSize": 24,
                      },
                      undefined,
                      {
                        "fontFamily": "Material Icons",
                        "fontStyle": "normal",
                        "fontWeight": "normal",
                      },
                      {},
                    ]
                  }
                >
                  î¡½
                </Text>
              </View>
            </View>
          </View>
        </View>
      </View>
    </RCTScrollView>
  </View>
</RCTSafeAreaView>
`;
