// Jest Snapshot v1, https://goo.gl/fbAQLP

exports[`Detail screen Tests match snapshot 1`] = `
<View
  style={
    {
      "backgroundColor": "#fefae0",
      "flex": 1,
    }
  }
>
  <RCTScrollView>
    <View>
      <Text
        style={
          {
            "fontSize": 20,
            "fontWeight": "bold",
            "margin": 20,
          }
        }
      >
        1Fjallraven - Foldsack No. 1 Backpack, Fits 15 Laptops
      </Text>
      <View
        style={
          {
            "alignItems": "center",
            "flexDirection": "row",
            "justifyContent": "center",
          }
        }
      >
        <Image
          resizeMode="contain"
          source={
            {
              "uri": "https://fakestoreapi.com/img/81fPKd-2AYL._AC_SL1500_.jpg",
            }
          }
          style={
            {
              "alignSelf": "center",
              "height": 150,
              "width": 150,
            }
          }
        />
        <View
          style={
            {
              "alignItems": "center",
            }
          }
        >
          <Text
            testID="review"
          >
            120 Reviews
          </Text>
          <View>
            <Text
              style={
                {
                  "color": "green",
                  "fontSize": 16,
                  "fontWeight": "bold",
                  "margin": 14,
                }
              }
            >
              $
              109.95
            </Text>
          </View>
        </View>
      </View>
      <Text
        style={
          {
            "fontSize": 16,
            "margin": 20,
          }
        }
      >
        Your perfect pack for everyday use and walks in the forest. Stash your laptop (up to 15 inches) in the padded sleeve, your everyday
      </Text>
    </View>
  </RCTScrollView>
</View>
`;
